[www.autohotkey.com/docs/v1/index.html]
[backblue.gif]
[fade.gif]
[index.html]
[www.autohotkey.com/cdn-cgi/apps/head/21XiSFXBdVHXl7A_izEkLSn9ayc.js]
[www.autohotkey.com/docs/v1/.html]
[www.autohotkey.com/docs/v1/static/theme.css]
[www.autohotkey.com/docs/v1/static/content.js]
[www.autohotkey.com/docs/v1/static/ahk_logo.svg]
[www.autohotkey.com/docs/v1/static/ahk_logo.png]
[www.autohotkey.com/docs/v1/AHKL_ChangeLog.html]
[www.autohotkey.com/docs/v1/license.html]
[www.autohotkey.com/docs/v1/Program.html]
[www.autohotkey.com/docs/v1/Tutorial.html]
[www.autohotkey.com/docs/v1/lib/Edit.html]
[www.autohotkey.com/docs/v1/FAQ.html]
[www.autohotkey.com/docs/v1/Concepts.html]
[www.autohotkey.com/docs/v1/Language.html]
[www.autohotkey.com/docs/v1/Scripts.html]
[www.autohotkey.com/docs/v1/lib/index.html]
[www.autohotkey.com/docs/v1/Variables.html]
[www.autohotkey.com/docs/v1/Functions.html]
[www.autohotkey.com/docs/v1/Objects.html]
[www.autohotkey.com/docs/v1/Hotkeys.html]
[www.autohotkey.com/docs/v1/Hotstrings.html]
[www.autohotkey.com/docs/v1/misc/Remap.html]
[www.autohotkey.com/docs/v1/KeyList.html]
[www.autohotkey.com/docs/v1/lib/DllCall.html]
[www.autohotkey.com/docs/v1/misc/RegEx-QuickRef.html]
[www.autohotkey.com/docs/v1/Compat.html]
[www.autohotkey.com/docs/v1/index.html]
[www.autohotkey.com/docs/v1/.html]
[www.autohotkey.com/docs/v1/misc/Acknowledgements.html]
[www.autohotkey.com/docs/v1/static/content.css]
[www.autohotkey.com/docs/v1/static/theme.css]
[www.autohotkey.com/docs/v1/static/ahk_logo.svg]
[www.autohotkey.com/docs/v1/ChangeLogHelp.html]
[www.autohotkey.com/docs/v1/lib/VerCompare.html]
[www.autohotkey.com/docs/v1/lib/_Requires.html]
[www.autohotkey.com/docs/v1/lib/_ErrorStdOut.html]
[www.autohotkey.com/docs/v1/lib/_Warn.html]
[www.autohotkey.com/docs/v1/lib/Switch.html]
[www.autohotkey.com/docs/v1/lib/InputHook.html]
[www.autohotkey.com/docs/v1/misc/LongPaths.html]
[www.autohotkey.com/docs/v1/lib/LoopFile.html]
[www.autohotkey.com/docs/v1/lib/Hotstring.html]
[www.autohotkey.com/docs/v1/lib/StrSplit.html]
[www.autohotkey.com/docs/v1/lib/_MenuMaskKey.html]
[www.autohotkey.com/docs/v1/lib/Send.html]
[www.autohotkey.com/docs/v1/lib/Math.html]
[www.autohotkey.com/docs/v1/lib/Hotkey.html]
[www.autohotkey.com/docs/v1/lib/GuiControls.html]
[www.autohotkey.com/docs/v1/lib/Gui.html]
[www.autohotkey.com/docs/v1/lib/ComObjConnect.html]
[www.autohotkey.com/docs/v1/lib/SetTimer.html]
[www.autohotkey.com/docs/v1/lib/Menu.html]
[www.autohotkey.com/docs/v1/lib/MenuGetHandle.html]
[www.autohotkey.com/docs/v1/lib/MenuGetName.html]
[www.autohotkey.com/docs/v1/lib/LoadPicture.html]
[www.autohotkey.com/docs/v1/misc/ImageHandles.html]
[www.autohotkey.com/docs/v1/lib/LoopReg.html]
[www.autohotkey.com/docs/v1/lib/Object.html]
[www.autohotkey.com/docs/v1/lib/Ord.html]
[www.autohotkey.com/docs/v1/lib/StringReplace.html]
[www.autohotkey.com/docs/v1/lib/RegRead.html]
[www.autohotkey.com/docs/v1/lib/RegWrite.html]
[www.autohotkey.com/docs/v1/lib/RegDelete.html]
[www.autohotkey.com/docs/v1/misc/Labels.html]
[www.autohotkey.com/docs/v1/misc/Functor.html]
[www.autohotkey.com/docs/v1/lib/OnMessage.html]
[www.autohotkey.com/docs/v1/lib/OnExit.html]
[www.autohotkey.com/docs/v1/lib/OnClipboardChange.html]
[www.autohotkey.com/docs/v1/lib/Format.html]
[www.autohotkey.com/docs/v1/lib/Input.html]
[www.autohotkey.com/docs/v1/lib/ObjBindMethod.html]
[www.autohotkey.com/docs/v1/lib/Func.html]
[www.autohotkey.com/docs/v1/Welcome.html]
[www.autohotkey.com/docs/v1/lib/Finally.html]
[www.autohotkey.com/docs/v1/lib/FileOpen.html]
[www.autohotkey.com/docs/v1/lib/Run.html]
[www.autohotkey.com/docs/v1/lib/_ClipboardTimeout.html]
[www.autohotkey.com/docs/v1/lib/_Include.html]
[www.autohotkey.com/docs/v1/lib/SoundSet.html]
[www.autohotkey.com/docs/v1/lib/SoundGet.html]
[www.autohotkey.com/docs/v1/misc/AutoIt2Compat.html]
[www.autohotkey.com/docs/v1/lib/SetRegView.html]
[www.autohotkey.com/docs/v1/lib/ControlGet.html]
[www.autohotkey.com/docs/v1/lib/ComObjType.html]
[www.autohotkey.com/docs/v1/lib/ComObjActive.html]
[www.autohotkey.com/docs/v1/lib/ExitApp.html]
[www.autohotkey.com/docs/v1/lib/Block.html]
[www.autohotkey.com/docs/v1/lib/Exit.html]
[www.autohotkey.com/docs/v1/lib/_InputLevel.html]
[www.autohotkey.com/docs/v1/lib/SendLevel.html]
[www.autohotkey.com/docs/v1/lib/MsgBox.html]
[www.autohotkey.com/docs/v1/lib/GuiControl.html]
[www.autohotkey.com/docs/v1/lib/RegisterCallback.html]
[www.autohotkey.com/docs/v1/lib/ListLines.html]
[www.autohotkey.com/docs/v1/lib/CoordMode.html]
[www.autohotkey.com/docs/v1/lib/RegExMatch.html]
[www.autohotkey.com/docs/v1/lib/Throw.html]
[www.autohotkey.com/docs/v1/lib/Try.html]
[www.autohotkey.com/docs/v1/lib/Catch.html]
[www.autohotkey.com/docs/v1/lib/IsFunc.html]
[www.autohotkey.com/docs/v1/lib/ComObjQuery.html]
[www.autohotkey.com/docs/v1/lib/ComObjFlags.html]
[www.autohotkey.com/docs/v1/lib/ComObjCreate.html]
[www.autohotkey.com/docs/v1/lib/ComObjArray.html]
[www.autohotkey.com/docs/v1/lib/ComObjError.html]
[www.autohotkey.com/docs/v1/lib/ComObjValue.html]
[www.autohotkey.com/docs/v1/lib/File.html]
[www.autohotkey.com/docs/v1/lib/For.html]
[www.autohotkey.com/docs/v1/lib/Until.html]
[www.autohotkey.com/docs/v1/lib/Continue.html]
[www.autohotkey.com/docs/v1/lib/Break.html]
[www.autohotkey.com/docs/v1/lib/InStr.html]
[www.autohotkey.com/docs/v1/lib/IniRead.html]
[www.autohotkey.com/docs/v1/lib/IniWrite.html]
[www.autohotkey.com/docs/v1/lib/NumGet.html]
[www.autohotkey.com/docs/v1/lib/NumPut.html]
[www.autohotkey.com/docs/v1/lib/StrPut.html]
[www.autohotkey.com/docs/v1/lib/StrGet.html]
[www.autohotkey.com/docs/v1/AHKL_ChangeLog.html]
[www.autohotkey.com/docs/v1/license.html]
[www.autohotkey.com/docs/v1/lib/SetFormat.html]
[www.autohotkey.com/docs/v1/lib/Reload.html]
[www.autohotkey.com/docs/v1/lib/Pause.html]
[www.autohotkey.com/docs/v1/lib/Suspend.html]
[www.autohotkey.com/docs/v1/static/ahk16.png]
[www.autohotkey.com/docs/v1/lib/_NoTrayIcon.html]
[www.autohotkey.com/docs/v1/lib/ListVars.html]
[www.autohotkey.com/docs/v1/lib/ListHotkeys.html]
[www.autohotkey.com/docs/v1/lib/KeyHistory.html]
[www.autohotkey.com/docs/v1/lib/WinClose.html]
[www.autohotkey.com/docs/v1/lib/_SingleInstance.html]
[www.autohotkey.com/docs/v1/lib/WinSetTitle.html]
[www.autohotkey.com/docs/v1/lib/WinGetTitle.html]
[www.autohotkey.com/docs/v1/Program.html]
[www.autohotkey.com/docs/v1/misc/Ahk2ExeDirectives.html]
[www.autohotkey.com/docs/v1/misc/WinTitle.html]
[www.autohotkey.com/docs/v1/lib/_IfWinActive.html]
[www.autohotkey.com/docs/v1/lib/PixelSearch.html]
[www.autohotkey.com/docs/v1/lib/PixelGetColor.html]
[www.autohotkey.com/docs/v1/lib/ImageSearch.html]
[www.autohotkey.com/docs/v1/lib/IfEqual.html]
[www.autohotkey.com/docs/v1/lib/IfExpression.html]
[www.autohotkey.com/docs/v1/lib/Loop.html]
[www.autohotkey.com/docs/v1/lib/InputBox.html]
[www.autohotkey.com/docs/v1/lib/IfMsgBox.html]
[www.autohotkey.com/docs/v1/Tutorial.html]
[www.autohotkey.com/docs/v1/lib/ControlGetText.html]
[www.autohotkey.com/docs/v1/lib/Edit.html]
[www.autohotkey.com/docs/v1/scripts/index.html]
[www.autohotkey.com/docs/v1/lib/StringLen.html]
[www.autohotkey.com/docs/v1/lib/SetExpression.html]
[www.autohotkey.com/docs/v1/misc/EscapeChar.html]
[www.autohotkey.com/docs/v1/lib/Return.html]
[www.autohotkey.com/docs/v1/lib/SoundGetWaveVolume.html]
[www.autohotkey.com/docs/v1/lib/SoundSetWaveVolume.html]
[www.autohotkey.com/docs/v1/lib/BlockInput.html]
[www.autohotkey.com/docs/v1/static/ahkfile16.png]
[www.autohotkey.com/docs/v1/lib/ToolTip.html]
[www.autohotkey.com/docs/v1/lib/FileEncoding.html]
[www.autohotkey.com/docs/v1/lib/FileRead.html]
[www.autohotkey.com/docs/v1/lib/Click.html]
[www.autohotkey.com/docs/v1/lib/SendMode.html]
[www.autohotkey.com/docs/v1/lib/SetKeyDelay.html]
[www.autohotkey.com/docs/v1/lib/ControlSend.html]
[www.autohotkey.com/docs/v1/lib/Process.html]
[www.autohotkey.com/docs/v1/misc/Threads.html]
[www.autohotkey.com/docs/v1/lib/StatusBarWait.html]
[www.autohotkey.com/docs/v1/lib/EnvAdd.html]
[www.autohotkey.com/docs/v1/lib/FileSetTime.html]
[www.autohotkey.com/docs/v1/lib/EnvSub.html]
[www.autohotkey.com/docs/v1/lib/FormatTime.html]
[www.autohotkey.com/docs/v1/misc/Winamp.html]
[www.autohotkey.com/docs/v1/lib/WinWait.html]
[www.autohotkey.com/docs/v1/lib/WinWaitClose.html]
[www.autohotkey.com/docs/v1/lib/WinWaitActive.html]
[www.autohotkey.com/docs/v1/FAQ.html]
[www.autohotkey.com/docs/v1/misc/Override.html]
[www.autohotkey.com/docs/v1/lib/GetKeyState.html]
[www.autohotkey.com/docs/v1/lib/IsSet.html]
[www.autohotkey.com/docs/v1/misc/Clipboard.html]
[www.autohotkey.com/docs/v1/misc/ErrorLevel.html]
[www.autohotkey.com/docs/v1/lib/EnvSet.html]
[www.autohotkey.com/docs/v1/lib/EnvGet.html]
[www.autohotkey.com/docs/v1/lib/_NoEnv.html]
[www.autohotkey.com/docs/v1/lib/WinMove.html]
[www.autohotkey.com/docs/v1/lib/StrLen.html]
[www.autohotkey.com/docs/v1/lib/VarSetCapacity.html]
[www.autohotkey.com/docs/v1/lib/FileAppend.html]
[www.autohotkey.com/docs/v1/lib/GroupAdd.html]
[www.autohotkey.com/docs/v1/Concepts.html]
[www.autohotkey.com/cdn-cgi/scripts/5c5dd728/cloudflare-static/email-decode.min.js]
[www.autohotkey.com/docs/v1/lib/_CommentFlag.html]
[www.autohotkey.com/docs/v1/lib/SetEnv.html]
[www.autohotkey.com/docs/v1/lib/Sleep.html]
[www.autohotkey.com/docs/v1/lib/FileGetAttrib.html]
[www.autohotkey.com/docs/v1/lib/FileExist.html]
[www.autohotkey.com/docs/v1/lib/IfExist.html]
[www.autohotkey.com/docs/v1/lib/IfInString.html]
[www.autohotkey.com/docs/v1/lib/IfWinActive.html]
[www.autohotkey.com/docs/v1/lib/WinActive.html]
[www.autohotkey.com/docs/v1/lib/IfWinExist.html]
[www.autohotkey.com/docs/v1/lib/WinExist.html]
[www.autohotkey.com/docs/v1/lib/StringGetPos.html]
[www.autohotkey.com/docs/v1/lib/StrReplace.html]
[www.autohotkey.com/docs/v1/lib/StringSplit.html]
[www.autohotkey.com/docs/v1/lib/StringLower.html]
[www.autohotkey.com/docs/v1/lib/StringLeft.html]
[www.autohotkey.com/docs/v1/lib/StringMid.html]
[www.autohotkey.com/docs/v1/lib/StringTrimLeft.html]
[www.autohotkey.com/docs/v1/lib/SubStr.html]
[www.autohotkey.com/docs/v1/lib/Else.html]
[www.autohotkey.com/docs/v1/lib/Goto.html]
[www.autohotkey.com/docs/v1/lib/Gosub.html]
[www.autohotkey.com/docs/v1/lib/While.html]
[www.autohotkey.com/docs/v1/lib/IfBetween.html]
[www.autohotkey.com/docs/v1/lib/IfIn.html]
[www.autohotkey.com/docs/v1/lib/IfIs.html]
[www.autohotkey.com/docs/v1/lib/LoopParse.html]
[www.autohotkey.com/docs/v1/lib/LoopReadFile.html]
[www.autohotkey.com/docs/v1/lib/_If.html]
[www.autohotkey.com/docs/v1/lib/GuiControlGet.html]
[www.autohotkey.com/docs/v1/lib/SysGet.html]
[www.autohotkey.com/docs/v1/Language.html]
[www.autohotkey.com/docs/v1/lib/WinGet.html]
[www.autohotkey.com/docs/v1/misc/Performance.html]
[www.autohotkey.com/docs/v1/lib/_Persistent.html]
[www.autohotkey.com/docs/v1/lib/AutoTrim.html]
[www.autohotkey.com/docs/v1/lib/Critical.html]
[www.autohotkey.com/docs/v1/lib/DetectHiddenText.html]
[www.autohotkey.com/docs/v1/lib/DetectHiddenWindows.html]
[www.autohotkey.com/docs/v1/lib/SetBatchLines.html]
[www.autohotkey.com/docs/v1/lib/SetControlDelay.html]
[www.autohotkey.com/docs/v1/lib/SetDefaultMouseSpeed.html]
[www.autohotkey.com/docs/v1/lib/SetMouseDelay.html]
[www.autohotkey.com/docs/v1/lib/SetStoreCapslockMode.html]
[www.autohotkey.com/docs/v1/lib/SetTitleMatchMode.html]
[www.autohotkey.com/docs/v1/lib/SetWinDelay.html]
[www.autohotkey.com/docs/v1/lib/StringCaseSense.html]
[www.autohotkey.com/docs/v1/lib/Thread.html]
[www.autohotkey.com/docs/v1/lib/FileInstall.html]
[www.autohotkey.com/docs/v1/lib/OutputDebug.html]
[www.autohotkey.com/docs/v1/Scripts.html]
[www.autohotkey.com/docs/v1/AHKL_DBGPClients.html]
[www.autohotkey.com/docs/v1/scripts/index-2.html]
[www.autohotkey.com/docs/v1/lib/Asc.html]
[www.autohotkey.com/docs/v1/lib/Chr.html]
[www.autohotkey.com/docs/v1/lib/ClipWait.html]
[www.autohotkey.com/docs/v1/lib/ComObjGet.html]
[www.autohotkey.com/docs/v1/lib/Control.html]
[www.autohotkey.com/docs/v1/lib/ControlClick.html]
[www.autohotkey.com/docs/v1/lib/ControlFocus.html]
[www.autohotkey.com/docs/v1/lib/ControlGetFocus.html]
[www.autohotkey.com/docs/v1/lib/ControlGetPos.html]
[www.autohotkey.com/docs/v1/lib/ControlMove.html]
[www.autohotkey.com/docs/v1/lib/ControlSetText.html]
[www.autohotkey.com/docs/v1/lib/Drive.html]
[www.autohotkey.com/docs/v1/lib/DriveGet.html]
[www.autohotkey.com/docs/v1/lib/DriveSpaceFree.html]
[www.autohotkey.com/docs/v1/lib/EnvDiv.html]
[www.autohotkey.com/docs/v1/lib/EnvMult.html]
[www.autohotkey.com/docs/v1/lib/EnvUpdate.html]
[www.autohotkey.com/docs/v1/lib/FileCopy.html]
[www.autohotkey.com/docs/v1/lib/FileCopyDir.html]
[www.autohotkey.com/docs/v1/lib/FileCreateDir.html]
[www.autohotkey.com/docs/v1/lib/FileCreateShortcut.html]
[www.autohotkey.com/docs/v1/lib/FileDelete.html]
[www.autohotkey.com/docs/v1/lib/FileReadLine.html]
[www.autohotkey.com/docs/v1/lib/FileGetShortcut.html]
[www.autohotkey.com/docs/v1/lib/FileGetSize.html]
[www.autohotkey.com/docs/v1/lib/FileGetTime.html]
[www.autohotkey.com/docs/v1/lib/FileGetVersion.html]
[www.autohotkey.com/docs/v1/lib/FileMove.html]
[www.autohotkey.com/docs/v1/lib/FileMoveDir.html]
[www.autohotkey.com/docs/v1/lib/FileRecycle.html]
[www.autohotkey.com/docs/v1/lib/FileRecycleEmpty.html]
[www.autohotkey.com/docs/v1/lib/FileRemoveDir.html]
[www.autohotkey.com/docs/v1/lib/FileSelectFile.html]
[www.autohotkey.com/docs/v1/lib/FileSelectFolder.html]
[www.autohotkey.com/docs/v1/lib/FileSetAttrib.html]
[www.autohotkey.com/docs/v1/lib/GetKey.html]
[www.autohotkey.com/docs/v1/lib/GroupActivate.html]
[www.autohotkey.com/docs/v1/lib/GroupClose.html]
[www.autohotkey.com/docs/v1/lib/GroupDeactivate.html]
[www.autohotkey.com/docs/v1/lib/ListView.html]
[www.autohotkey.com/docs/v1/lib/TreeView.html]
[www.autohotkey.com/docs/v1/lib/IniDelete.html]
[www.autohotkey.com/docs/v1/lib/IsByRef.html]
[www.autohotkey.com/docs/v1/lib/IsLabel.html]
[www.autohotkey.com/docs/v1/lib/IsObject.html]
[www.autohotkey.com/docs/v1/lib/KeyWait.html]
[www.autohotkey.com/docs/v1/lib/_InstallKeybdHook.html]
[www.autohotkey.com/docs/v1/lib/_InstallMouseHook.html]
[www.autohotkey.com/docs/v1/lib/MouseClick.html]
[www.autohotkey.com/docs/v1/lib/MouseClickDrag.html]
[www.autohotkey.com/docs/v1/lib/MouseGetPos.html]
[www.autohotkey.com/docs/v1/lib/MouseMove.html]
[www.autohotkey.com/docs/v1/lib/ObjAddRef.html]
[www.autohotkey.com/docs/v1/lib/OnError.html]
[www.autohotkey.com/docs/v1/lib/PostMessage.html]
[www.autohotkey.com/docs/v1/lib/Progress.html]
[www.autohotkey.com/docs/v1/lib/Random.html]
[www.autohotkey.com/docs/v1/lib/RegExReplace.html]
[www.autohotkey.com/docs/v1/lib/RunAs.html]
[www.autohotkey.com/docs/v1/lib/WinActivate.html]
[www.autohotkey.com/docs/v1/lib/SetNumScrollCapsLockState.html]
[www.autohotkey.com/docs/v1/lib/SetWorkingDir.html]
[www.autohotkey.com/docs/v1/lib/Shutdown.html]
[www.autohotkey.com/docs/v1/lib/Sort.html]
[www.autohotkey.com/docs/v1/lib/SoundBeep.html]
[www.autohotkey.com/docs/v1/lib/SoundPlay.html]
[www.autohotkey.com/docs/v1/lib/SplashTextOn.html]
[www.autohotkey.com/docs/v1/lib/SplitPath.html]
[www.autohotkey.com/docs/v1/lib/StatusBarGetText.html]
[www.autohotkey.com/docs/v1/lib/Transform.html]
[www.autohotkey.com/docs/v1/lib/TrayTip.html]
[www.autohotkey.com/docs/v1/lib/Trim.html]
[www.autohotkey.com/docs/v1/lib/URLDownloadToFile.html]
[www.autohotkey.com/docs/v1/lib/WinActivateBottom.html]
[www.autohotkey.com/docs/v1/lib/WinGetActiveStats.html]
[www.autohotkey.com/docs/v1/lib/WinGetActiveTitle.html]
[www.autohotkey.com/docs/v1/lib/WinGetPos.html]
[www.autohotkey.com/docs/v1/lib/WinGetClass.html]
[www.autohotkey.com/docs/v1/lib/WinGetText.html]
[www.autohotkey.com/docs/v1/lib/WinHide.html]
[www.autohotkey.com/docs/v1/lib/WinKill.html]
[www.autohotkey.com/docs/v1/lib/WinMaximize.html]
[www.autohotkey.com/docs/v1/lib/WinMenuSelectItem.html]
[www.autohotkey.com/docs/v1/lib/WinMinimize.html]
[www.autohotkey.com/docs/v1/lib/WinMinimizeAll.html]
[www.autohotkey.com/docs/v1/lib/WinRestore.html]
[www.autohotkey.com/docs/v1/lib/WinSet.html]
[www.autohotkey.com/docs/v1/lib/WinShow.html]
[www.autohotkey.com/docs/v1/lib/_EscapeChar.html]
[www.autohotkey.com/docs/v1/lib/_HotkeyInterval.html]
[www.autohotkey.com/docs/v1/lib/_MaxHotkeysPerInterval.html]
[www.autohotkey.com/docs/v1/lib/_HotkeyModifierTimeout.html]
[www.autohotkey.com/docs/v1/lib/_Hotstring.html]
[www.autohotkey.com/docs/v1/lib/_IfTimeout.html]
[www.autohotkey.com/docs/v1/lib/_KeyHistory.html]
[www.autohotkey.com/docs/v1/lib/_MaxMem.html]
[www.autohotkey.com/docs/v1/lib/_MaxThreads.html]
[www.autohotkey.com/docs/v1/lib/_MaxThreadsBuffer.html]
[www.autohotkey.com/docs/v1/lib/_MaxThreadsPerHotkey.html]
[www.autohotkey.com/docs/v1/lib/_UseHook.html]
[www.autohotkey.com/docs/v1/lib/index.html]
[www.autohotkey.com/docs/v1/lib/_WinActivateForce.html]
[www.autohotkey.com/docs/v1/misc/Arrays.html]
[www.autohotkey.com/docs/v1/misc/RegExCallout.html]
[www.autohotkey.com/docs/v1/Variables.html]
[www.autohotkey.com/docs/v1/Functions.html]
[www.autohotkey.com/docs/v1/Objects.html]
[www.autohotkey.com/docs/v1/misc/Languages.html]
[www.autohotkey.com/docs/v1/Hotkeys.html]
[www.autohotkey.com/docs/v1/Hotstrings.html]
[www.autohotkey.com/docs/v1/misc/Macros.html]
[www.autohotkey.com/docs/v1/misc/Remap.html]
[www.autohotkey.com/docs/v1/KeyList.html]
[www.autohotkey.com/docs/v1/lib/DllCall.html]
[www.autohotkey.com/docs/v1/misc/RegEx-QuickRef.html]
[www.autohotkey.com/docs/v1/Compat.html]
[www.autohotkey.com/docs/v1/misc/RemapJoystick.html]
[www.autohotkey.com/docs/v1/misc/Acknowledgements.html]
[www.autohotkey.com/docs/v1/index-2.html]
[www.autohotkey.com/docs/v1/static/content.css]
[www.autohotkey.com/docs/v1/static/fonts/iconsd41d.eot]
[www.autohotkey.com/docs/v1/ChangeLogHelp.html]
[www.autohotkey.com/docs/v1/lib/VerCompare.html]
[www.autohotkey.com/docs/v1/lib/_Requires.html]
[www.autohotkey.com/docs/v1/lib/_ErrorStdOut.html]
[www.autohotkey.com/docs/v1/lib/_Warn.html]
[www.autohotkey.com/docs/v1/lib/Switch.html]
[www.autohotkey.com/docs/v1/lib/InputHook.html]
[www.autohotkey.com/docs/v1/misc/LongPaths.html]
[www.autohotkey.com/docs/v1/lib/lib/LoopFiles.htm]
[www.autohotkey.com/docs/v1/lib/LoopFile.html]
[www.autohotkey.com/docs/v1/lib/Hotstring.html]
[www.autohotkey.com/docs/v1/lib/StrSplit.html]
[www.autohotkey.com/docs/v1/lib/lib/A_MenuMaskKey.htm]
[www.autohotkey.com/docs/v1/lib/_MenuMaskKey.html]
[www.autohotkey.com/docs/v1/lib/Send.html]
[www.autohotkey.com/docs/v1/lib/Math.html]
[www.autohotkey.com/docs/v1/lib/Hotkey.html]
[www.autohotkey.com/docs/v1/static/ctrl_text.png]
[www.autohotkey.com/docs/v1/misc/Styles.html]
[www.autohotkey.com/docs/v1/static/ctrl_edit.png]
[www.autohotkey.com/docs/v1/static/ctrl_updown.png]
[www.autohotkey.com/docs/v1/static/ctrl_button.png]
[www.autohotkey.com/docs/v1/static/ctrl_check.png]
[www.autohotkey.com/docs/v1/static/ctrl_radio.png]
[www.autohotkey.com/docs/v1/static/ctrl_ddl.png]
[www.autohotkey.com/docs/v1/static/ctrl_combo.png]
[www.autohotkey.com/docs/v1/static/ctrl_list.png]
[www.autohotkey.com/docs/v1/static/ctrl_link.png]
[www.autohotkey.com/docs/v1/static/ctrl_hotkey.png]
[www.autohotkey.com/docs/v1/static/ctrl_datetime.png]
[www.autohotkey.com/docs/v1/static/ctrl_monthcal.png]
[www.autohotkey.com/docs/v1/static/ctrl_slider.png]
[www.autohotkey.com/docs/v1/static/ctrl_progress.png]
[www.autohotkey.com/docs/v1/static/ctrl_group.png]
[www.autohotkey.com/docs/v1/static/ctrl_tab.png]
[www.autohotkey.com/docs/v1/static/ctrl_status.png]
[www.autohotkey.com/docs/v1/lib/GuiControls.html]
[www.autohotkey.com/docs/v1/lib/lib/Gui.htm]
[www.autohotkey.com/docs/v1/misc/FontsStandard.html]
[www.autohotkey.com/docs/v1/lib/Gui.html]
[www.autohotkey.com/docs/v1/lib/ComObjConnect.html]
[www.autohotkey.com/docs/v1/lib/SetTimer.html]
[www.autohotkey.com/docs/v1/misc/DPIScaling.html]
[www.autohotkey.com/docs/v1/lib/lib/Menu.htm]
[www.autohotkey.com/docs/v1/static/ctrl_menu.png]
[www.autohotkey.com/docs/v1/lib/Menu.html]
[www.autohotkey.com/docs/v1/lib/MenuGetHandle.html]
[www.autohotkey.com/docs/v1/lib/MenuGetName.html]
[www.autohotkey.com/docs/v1/lib/LoadPicture.html]
[www.autohotkey.com/docs/v1/misc/ImageHandles.html]
[www.autohotkey.com/docs/v1/lib/LoopReg.html]
[www.autohotkey.com/docs/v1/lib/Object.html]
[www.autohotkey.com/docs/v1/lib/Ord.html]
[www.autohotkey.com/docs/v1/lib/Enumerator.html]
[www.autohotkey.com/docs/v1/lib/lib/StrReplace.htm]
[www.autohotkey.com/docs/v1/lib/StringReplace.html]
[www.autohotkey.com/docs/v1/lib/RegRead.html]
[www.autohotkey.com/docs/v1/lib/RegWrite.html]
[www.autohotkey.com/docs/v1/lib/RegDelete.html]
[www.autohotkey.com/docs/v1/misc/Labels.html]
[www.autohotkey.com/docs/v1/misc/Functor.html]
[www.autohotkey.com/docs/v1/lib/OnMessage.html]
[www.autohotkey.com/docs/v1/lib/OnExit.html]
[www.autohotkey.com/docs/v1/lib/OnClipboardChange.html]
[www.autohotkey.com/docs/v1/lib/Format.html]
[www.autohotkey.com/docs/v1/misc/SendMessageList.html]
[www.autohotkey.com/docs/v1/lib/lib/InputHook.htm]
[www.autohotkey.com/docs/v1/lib/Input.html]
[www.autohotkey.com/docs/v1/lib/ObjBindMethod.html]
[www.autohotkey.com/docs/v1/lib/Func.html]
[www.autohotkey.com/docs/v1/Welcome.html]
[www.autohotkey.com/docs/v1/lib/Finally.html]
[www.autohotkey.com/docs/v1/lib/FileOpen.html]
[www.autohotkey.com/docs/v1/lib/Run.html]
[www.autohotkey.com/docs/v1/lib/_ClipboardTimeout.html]
[www.autohotkey.com/docs/v1/lib/_Include.html]
[www.autohotkey.com/docs/v1/misc/CLSID-List.html]
[www.autohotkey.com/docs/v1/lib/lib/Sound.htm]
[www.autohotkey.com/docs/v1/lib/SoundSet.html]
[www.autohotkey.com/docs/v1/lib/SoundGet.html]
[www.autohotkey.com/docs/v1/misc/index.htm]
[www.autohotkey.com/docs/v1/misc/AutoIt2Compat.html]
[www.autohotkey.com/docs/v1/lib/SetRegView.html]
[www.autohotkey.com/docs/v1/lib/_AllowSameLineComments.html]
[www.autohotkey.com/docs/v1/lib/lib/Control.htm]
[www.autohotkey.com/docs/v1/lib/ControlGet.html]
[www.autohotkey.com/docs/v1/lib/ComObjType.html]
[www.autohotkey.com/docs/v1/lib/ComObjActive.html]
[www.autohotkey.com/docs/v1/lib/ExitApp.html]
[www.autohotkey.com/docs/v1/lib/Block.html]
[www.autohotkey.com/docs/v1/lib/Exit.html]
[www.autohotkey.com/docs/v1/lib/_InputLevel.html]
[www.autohotkey.com/docs/v1/lib/SendLevel.html]
[www.autohotkey.com/docs/v1/static/dlg_message.png]
[www.autohotkey.com/docs/v1/lib/MsgBox.html]
[www.autohotkey.com/docs/v1/lib/lib/GuiControl.htm]
[www.autohotkey.com/docs/v1/lib/GuiControl.html]
[www.autohotkey.com/docs/v1/lib/lib/CallbackCreate.htm]
[www.autohotkey.com/docs/v1/lib/RegisterCallback.html]
[www.autohotkey.com/docs/v1/lib/ListLines.html]
[www.autohotkey.com/docs/v1/lib/CoordMode.html]
[www.autohotkey.com/docs/v1/lib/RegExMatch.html]
[www.autohotkey.com/docs/v1/lib/Throw.html]
[www.autohotkey.com/docs/v1/lib/Try.html]
[www.autohotkey.com/docs/v1/lib/Catch.html]
[www.autohotkey.com/docs/v1/lib/lib/Func.htm]
[www.autohotkey.com/docs/v1/lib/IsFunc.html]
[www.autohotkey.com/docs/v1/lib/ComObjQuery.html]
[www.autohotkey.com/docs/v1/lib/ComObjFlags.html]
[www.autohotkey.com/docs/v1/lib/lib/ComObject.htm]
[www.autohotkey.com/docs/v1/lib/ComObjCreate.html]
[www.autohotkey.com/docs/v1/lib/ComObjArray.html]
[www.autohotkey.com/docs/v1/lib/ComObjError.html]
[www.autohotkey.com/docs/v1/lib/ComObjValue.html]
[www.autohotkey.com/docs/v1/lib/File.html]
[www.autohotkey.com/docs/v1/lib/For.html]
[www.autohotkey.com/docs/v1/lib/Until.html]
[www.autohotkey.com/docs/v1/lib/Continue.html]
[www.autohotkey.com/docs/v1/lib/Break.html]
[www.autohotkey.com/docs/v1/lib/InStr.html]
[www.autohotkey.com/docs/v1/lib/IniRead.html]
[www.autohotkey.com/docs/v1/lib/IniWrite.html]
[www.autohotkey.com/docs/v1/lib/NumGet.html]
[www.autohotkey.com/docs/v1/lib/NumPut.html]
[www.autohotkey.com/docs/v1/lib/StrPut.html]
[www.autohotkey.com/docs/v1/lib/StrGet.html]
[www.autohotkey.com/docs/v1/lib/lib/Format.htm]
[www.autohotkey.com/docs/v1/lib/SetFormat.html]
[www.autohotkey.com/docs/v1/lib/Reload.html]
[www.autohotkey.com/docs/v1/lib/Pause.html]
[www.autohotkey.com/docs/v1/lib/Suspend.html]
[www.autohotkey.com/docs/v1/lib/_NoTrayIcon.html]
[www.autohotkey.com/docs/v1/lib/ListVars.html]
[www.autohotkey.com/docs/v1/lib/ListHotkeys.html]
[www.autohotkey.com/docs/v1/lib/KeyHistory.html]
[www.autohotkey.com/docs/v1/lib/WinClose.html]
[www.autohotkey.com/docs/v1/lib/_SingleInstance.html]
[www.autohotkey.com/docs/v1/lib/WinSetTitle.html]
[www.autohotkey.com/docs/v1/lib/WinGetTitle.html]
[www.autohotkey.com/docs/v1/misc/Ahk2ExeDirectives.html]
[www.autohotkey.com/docs/v1/misc/WinTitle.html]
[www.autohotkey.com/docs/v1/lib/lib/_HotIf.htm]
[www.autohotkey.com/docs/v1/lib/_IfWinActive.html]
[www.autohotkey.com/docs/v1/lib/PixelSearch.html]
[www.autohotkey.com/docs/v1/lib/PixelGetColor.html]
[www.autohotkey.com/docs/v1/lib/ImageSearch.html]
[www.autohotkey.com/docs/v1/lib/lib/If.htm]
[www.autohotkey.com/docs/v1/lib/IfEqual.html]
[www.autohotkey.com/docs/v1/lib/IfExpression.html]
[www.autohotkey.com/docs/v1/lib/Loop.html]
[www.autohotkey.com/docs/v1/static/dlg_input.png]
[www.autohotkey.com/docs/v1/lib/InputBox.html]
[www.autohotkey.com/docs/v1/lib/lib/MsgBox.htm]
[www.autohotkey.com/docs/v1/lib/IfMsgBox.html]
[www.autohotkey.com/docs/v1/lib/ControlGetText.html]
[www.autohotkey.com/docs/v1/scripts/MouseGestures.zip]
[www.autohotkey.com/docs/v1/scripts/index.html]
[www.autohotkey.com/docs/v1/lib/lib/StrLen.htm]
[www.autohotkey.com/docs/v1/lib/StringLen.html]
[www.autohotkey.com/docs/v1/lib/SetExpression.html]
[www.autohotkey.com/docs/v1/misc/EscapeChar.html]
[www.autohotkey.com/docs/v1/misc/remove-userchoice.html]
[www.autohotkey.com/docs/v1/lib/Return.html]
[www.autohotkey.com/docs/v1/lib/lib/SoundGetVolume.htm]
[www.autohotkey.com/docs/v1/lib/SoundGetWaveVolume.html]
[www.autohotkey.com/docs/v1/lib/lib/SoundSetVolume.htm]
[www.autohotkey.com/docs/v1/lib/SoundSetWaveVolume.html]
[www.autohotkey.com/docs/v1/lib/BlockInput.html]
[www.autohotkey.com/docs/v1/static/dlg_tooltip.png]
[www.autohotkey.com/docs/v1/lib/ToolTip.html]
[www.autohotkey.com/docs/v1/lib/FileEncoding.html]
[www.autohotkey.com/docs/v1/lib/FileRead.html]
[www.autohotkey.com/docs/v1/lib/Click.html]
[www.autohotkey.com/docs/v1/lib/SendMode.html]
[www.autohotkey.com/docs/v1/lib/SetKeyDelay.html]
[www.autohotkey.com/docs/v1/lib/ControlSend.html]
[www.autohotkey.com/docs/v1/lib/Process.html]
[www.autohotkey.com/docs/v1/misc/Threads.html]
[www.autohotkey.com/docs/v1/lib/StatusBarWait.html]
[www.autohotkey.com/docs/v1/misc/SendMessage.html]
[www.autohotkey.com/docs/v1/lib/lib/DateAdd.htm]
[www.autohotkey.com/docs/v1/lib/EnvAdd.html]
[www.autohotkey.com/docs/v1/lib/FileSetTime.html]
[www.autohotkey.com/docs/v1/lib/lib/DateDiff.htm]
[www.autohotkey.com/docs/v1/lib/EnvSub.html]
[www.autohotkey.com/docs/v1/lib/FormatTime.html]
[www.autohotkey.com/docs/v1/misc/Winamp.html]
[www.autohotkey.com/docs/v1/lib/WinWait.html]
[www.autohotkey.com/docs/v1/lib/WinWaitClose.html]
[www.autohotkey.com/docs/v1/lib/WinWaitActive.html]
[www.autohotkey.com/docs/v1/misc/Override.html]
[www.autohotkey.com/docs/v1/lib/GetKeyState.html]
[www.autohotkey.com/docs/v1/lib/IsSet.html]
[www.autohotkey.com/docs/v1/misc/lib/A_Clipboard.htm]
[www.autohotkey.com/docs/v1/misc/Clipboard.html]
[www.autohotkey.com/docs/v1/misc/v2-changes.htm]
[www.autohotkey.com/docs/v1/misc/ErrorLevel.html]
[www.autohotkey.com/docs/v1/lib/EnvSet.html]
[www.autohotkey.com/docs/v1/lib/EnvGet.html]
[www.autohotkey.com/docs/v1/lib/v2-changes.htm]
[www.autohotkey.com/docs/v1/lib/_NoEnv.html]
[www.autohotkey.com/docs/v1/lib/WinMove.html]
[www.autohotkey.com/docs/v1/lib/StrLen.html]
[www.autohotkey.com/docs/v1/lib/lib/VarSetStrCapacity.htm]
[www.autohotkey.com/docs/v1/lib/VarSetCapacity.html]
[www.autohotkey.com/docs/v1/lib/FileAppend.html]
[www.autohotkey.com/docs/v1/lib/GroupAdd.html]
[www.autohotkey.com/docs/v1/lib/_CommentFlag.html]
[www.autohotkey.com/docs/v1/lib/SetEnv.html]
[www.autohotkey.com/docs/v1/lib/Sleep.html]
[www.autohotkey.com/docs/v1/lib/FileGetAttrib.html]
[www.autohotkey.com/docs/v1/lib/FileExist.html]
[www.autohotkey.com/docs/v1/lib/lib/FileExist.htm]
[www.autohotkey.com/docs/v1/lib/IfExist.html]
[www.autohotkey.com/docs/v1/lib/lib/InStr.htm]
[www.autohotkey.com/docs/v1/lib/IfInString.html]
[www.autohotkey.com/docs/v1/lib/lib/WinActive.htm]
[www.autohotkey.com/docs/v1/lib/IfWinActive.html]
[www.autohotkey.com/docs/v1/lib/WinActive.html]
[www.autohotkey.com/docs/v1/lib/lib/WinExist.htm]
[www.autohotkey.com/docs/v1/lib/IfWinExist.html]
[www.autohotkey.com/docs/v1/lib/WinExist.html]
[www.autohotkey.com/docs/v1/lib/StringGetPos.html]
[www.autohotkey.com/docs/v1/lib/StrReplace.html]
[www.autohotkey.com/docs/v1/lib/lib/StrSplit.htm]
[www.autohotkey.com/docs/v1/lib/StringSplit.html]
[www.autohotkey.com/docs/v1/lib/lib/StrLower.htm]
[www.autohotkey.com/docs/v1/lib/StringLower.html]
[www.autohotkey.com/docs/v1/lib/lib/SubStr.htm]
[www.autohotkey.com/docs/v1/lib/StringLeft.html]
[www.autohotkey.com/docs/v1/lib/StringMid.html]
[www.autohotkey.com/docs/v1/lib/StringTrimLeft.html]
[www.autohotkey.com/docs/v1/lib/SubStr.html]
[www.autohotkey.com/docs/v1/lib/Else.html]
[www.autohotkey.com/docs/v1/lib/Goto.html]
[www.autohotkey.com/docs/v1/lib/Gosub.html]
[www.autohotkey.com/docs/v1/lib/While.html]
[www.autohotkey.com/docs/v1/lib/IfBetween.html]
[www.autohotkey.com/docs/v1/lib/IfIn.html]
[www.autohotkey.com/docs/v1/Concepts-2.html]
[www.autohotkey.com/docs/v1/lib/lib/Is.htm]
[www.autohotkey.com/docs/v1/lib/IfIs.html]
[www.autohotkey.com/docs/v1/lib/LoopParse.html]
[www.autohotkey.com/docs/v1/lib/lib/LoopRead.htm]
[www.autohotkey.com/docs/v1/lib/LoopReadFile.html]
[www.autohotkey.com/docs/v1/lib/_If.html]
[www.autohotkey.com/docs/v1/lib/GuiControlGet.html]
[www.autohotkey.com/docs/v1/lib/SysGet.html]
[www.autohotkey.com/docs/v1/lib/lib/Win.htm]
[www.autohotkey.com/docs/v1/lib/WinGet.html]
[www.autohotkey.com/docs/v1/misc/Performance.html]
[www.autohotkey.com/docs/v1/lib/lib/Persistent.htm]
[www.autohotkey.com/docs/v1/lib/_Persistent.html]
[www.autohotkey.com/docs/v1/lib/lib/Trim.htm]
[www.autohotkey.com/docs/v1/lib/AutoTrim.html]
[www.autohotkey.com/docs/v1/lib/Critical.html]
[www.autohotkey.com/docs/v1/lib/DetectHiddenText.html]
[www.autohotkey.com/docs/v1/lib/DetectHiddenWindows.html]
[www.autohotkey.com/docs/v1/lib/SetBatchLines.html]
[www.autohotkey.com/docs/v1/lib/SetControlDelay.html]
[www.autohotkey.com/docs/v1/lib/SetDefaultMouseSpeed.html]
[www.autohotkey.com/docs/v1/lib/SetMouseDelay.html]
[www.autohotkey.com/docs/v1/lib/lib/SetStoreCapsLockMode.htm]
[www.autohotkey.com/docs/v1/lib/SetStoreCapslockMode.html]
[www.autohotkey.com/docs/v1/lib/SetTitleMatchMode.html]
[www.autohotkey.com/docs/v1/lib/SetWinDelay.html]
[www.autohotkey.com/docs/v1/lib/StringCaseSense.html]
[www.autohotkey.com/docs/v1/lib/Thread.html]
[www.autohotkey.com/docs/v1/lib/FileInstall.html]
[www.autohotkey.com/docs/v1/lib/OutputDebug.html]
[www.autohotkey.com/docs/v1/AHKL_DBGPClients.html]
[www.autohotkey.com/docs/v1/scripts/index-2.html]
[www.autohotkey.com/docs/v1/lib/lib/Ord.htm]
[www.autohotkey.com/docs/v1/lib/Asc.html]
[www.autohotkey.com/docs/v1/lib/Chr.html]
[www.autohotkey.com/docs/v1/lib/ClipWait.html]
[www.autohotkey.com/docs/v1/lib/ComObjGet.html]
[www.autohotkey.com/docs/v1/lib/Control.html]
[www.autohotkey.com/docs/v1/lib/ControlClick.html]
[www.autohotkey.com/docs/v1/lib/ControlFocus.html]
[www.autohotkey.com/docs/v1/lib/ControlGetFocus.html]
[www.autohotkey.com/docs/v1/lib/ControlGetPos.html]
[www.autohotkey.com/docs/v1/lib/ControlMove.html]
[www.autohotkey.com/docs/v1/lib/ControlSetText.html]
[www.autohotkey.com/docs/v1/lib/Drive.html]
[www.autohotkey.com/docs/v1/lib/lib/Drive.htm]
[www.autohotkey.com/docs/v1/lib/DriveGet.html]
[www.autohotkey.com/docs/v1/lib/lib/DriveGetSpaceFree.htm]
[www.autohotkey.com/docs/v1/lib/DriveSpaceFree.html]
[www.autohotkey.com/docs/v1/lib/EnvDiv.html]
[www.autohotkey.com/docs/v1/lib/EnvMult.html]
[www.autohotkey.com/docs/v1/lib/EnvUpdate.html]
[www.autohotkey.com/docs/v1/lib/FileCopy.html]
[www.autohotkey.com/docs/v1/lib/lib/DirCopy.htm]
[www.autohotkey.com/docs/v1/lib/FileCopyDir.html]
[www.autohotkey.com/docs/v1/lib/lib/DirCreate.htm]
[www.autohotkey.com/docs/v1/lib/FileCreateDir.html]
[www.autohotkey.com/docs/v1/lib/FileCreateShortcut.html]
[www.autohotkey.com/docs/v1/lib/FileDelete.html]
[www.autohotkey.com/docs/v1/lib/lib/File.htm]
[www.autohotkey.com/docs/v1/lib/FileReadLine.html]
[www.autohotkey.com/docs/v1/lib/FileGetShortcut.html]
[www.autohotkey.com/docs/v1/lib/FileGetSize.html]
[www.autohotkey.com/docs/v1/lib/FileGetTime.html]
[www.autohotkey.com/docs/v1/lib/FileGetVersion.html]
[www.autohotkey.com/docs/v1/lib/FileMove.html]
[www.autohotkey.com/docs/v1/lib/lib/DirMove.htm]
[www.autohotkey.com/docs/v1/lib/FileMoveDir.html]
[www.autohotkey.com/docs/v1/lib/FileRecycle.html]
[www.autohotkey.com/docs/v1/lib/FileRecycleEmpty.html]
[www.autohotkey.com/docs/v1/lib/lib/DirDelete.htm]
[www.autohotkey.com/docs/v1/lib/FileRemoveDir.html]
[www.autohotkey.com/docs/v1/lib/lib/FileSelect.htm]
[www.autohotkey.com/docs/v1/static/dlg_file.png]
[www.autohotkey.com/docs/v1/lib/FileSelectFile.html]
[www.autohotkey.com/docs/v1/lib/lib/DirSelect.htm]
[www.autohotkey.com/docs/v1/static/dlg_folder.png]
[www.autohotkey.com/docs/v1/lib/FileSelectFolder.html]
[www.autohotkey.com/docs/v1/lib/FileSetAttrib.html]
[www.autohotkey.com/docs/v1/lib/lib/GetKeyName.htm]
[www.autohotkey.com/docs/v1/lib/GetKey.html]
[www.autohotkey.com/docs/v1/lib/GroupActivate.html]
[www.autohotkey.com/docs/v1/lib/GroupClose.html]
[www.autohotkey.com/docs/v1/lib/GroupDeactivate.html]
[www.autohotkey.com/docs/v1/static/ctrl_listview.png]
[www.autohotkey.com/docs/v1/lib/ListView.html]
[www.autohotkey.com/docs/v1/static/ctrl_treeview.png]
[www.autohotkey.com/docs/v1/lib/TreeView.html]
[www.autohotkey.com/docs/v1/lib/IniDelete.html]
[www.autohotkey.com/docs/v1/lib/IsByRef.html]
[www.autohotkey.com/docs/v1/lib/IsLabel.html]
[www.autohotkey.com/docs/v1/lib/IsObject.html]
[www.autohotkey.com/docs/v1/lib/KeyWait.html]
[www.autohotkey.com/docs/v1/lib/lib/InstallKeybdHook.htm]
[www.autohotkey.com/docs/v1/lib/_InstallKeybdHook.html]
[www.autohotkey.com/docs/v1/lib/lib/InstallMouseHook.htm]
[www.autohotkey.com/docs/v1/lib/_InstallMouseHook.html]
[www.autohotkey.com/docs/v1/lib/MouseClick.html]
[www.autohotkey.com/docs/v1/lib/MouseClickDrag.html]
[www.autohotkey.com/docs/v1/lib/MouseGetPos.html]
[www.autohotkey.com/docs/v1/lib/MouseMove.html]
[www.autohotkey.com/docs/v1/lib/ObjAddRef.html]
[www.autohotkey.com/docs/v1/lib/OnError.html]
[www.autohotkey.com/docs/v1/lib/PostMessage.html]
[www.autohotkey.com/docs/v1/lib/Progress.html]
[www.autohotkey.com/docs/v1/lib/Random.html]
[www.autohotkey.com/docs/v1/lib/RegExReplace.html]
[www.autohotkey.com/docs/v1/lib/RunAs.html]
[www.autohotkey.com/docs/v1/lib/WinActivate.html]
[www.autohotkey.com/docs/v1/lib/SetNumScrollCapsLockState.html]
[www.autohotkey.com/docs/v1/lib/SetWorkingDir.html]
[www.autohotkey.com/docs/v1/lib/Shutdown.html]
[www.autohotkey.com/docs/v1/lib/Sort.html]
[www.autohotkey.com/docs/v1/lib/SoundBeep.html]
[www.autohotkey.com/docs/v1/lib/SoundPlay.html]
[www.autohotkey.com/docs/v1/lib/SplashTextOn.html]
[www.autohotkey.com/docs/v1/lib/SplitPath.html]
[www.autohotkey.com/docs/v1/lib/StatusBarGetText.html]
[www.autohotkey.com/docs/v1/lib/lib/Math.htm]
[www.autohotkey.com/docs/v1/lib/Transform.html]
[www.autohotkey.com/docs/v1/static/dlg_traytip.png]
[www.autohotkey.com/docs/v1/lib/TrayTip.html]
[www.autohotkey.com/docs/v1/lib/Trim.html]
[www.autohotkey.com/docs/v1/lib/lib/Download.htm]
[www.autohotkey.com/docs/v1/lib/URLDownloadToFile.html]
[www.autohotkey.com/docs/v1/lib/WinActivateBottom.html]
[www.autohotkey.com/docs/v1/lib/lib/WinGetPos.htm]
[www.autohotkey.com/docs/v1/lib/WinGetActiveStats.html]
[www.autohotkey.com/docs/v1/lib/lib/WinGetTitle.htm]
[www.autohotkey.com/docs/v1/lib/WinGetActiveTitle.html]
[www.autohotkey.com/docs/v1/lib/WinGetPos.html]
[www.autohotkey.com/docs/v1/lib/WinGetClass.html]
[www.autohotkey.com/docs/v1/lib/WinGetText.html]
[www.autohotkey.com/docs/v1/lib/WinHide.html]
[www.autohotkey.com/docs/v1/lib/WinKill.html]
[www.autohotkey.com/docs/v1/lib/WinMaximize.html]
[www.autohotkey.com/docs/v1/lib/lib/MenuSelect.htm]
[www.autohotkey.com/docs/v1/lib/WinMenuSelectItem.html]
[www.autohotkey.com/docs/v1/lib/WinMinimize.html]
[www.autohotkey.com/docs/v1/lib/WinMinimizeAll.html]
[www.autohotkey.com/docs/v1/lib/WinRestore.html]
[www.autohotkey.com/docs/v1/lib/WinSet.html]
[www.autohotkey.com/docs/v1/lib/WinShow.html]
[www.autohotkey.com/docs/v1/lib/misc/EscapeChar.htm]
[www.autohotkey.com/docs/v1/lib/_EscapeChar.html]
[www.autohotkey.com/docs/v1/lib/lib/A_MaxHotkeysPerInterval.htm]
[www.autohotkey.com/docs/v1/lib/_HotkeyInterval.html]
[www.autohotkey.com/docs/v1/lib/_MaxHotkeysPerInterval.html]
[www.autohotkey.com/docs/v1/lib/lib/A_HotkeyModifierTimeout.htm]
[www.autohotkey.com/docs/v1/lib/_HotkeyModifierTimeout.html]
[www.autohotkey.com/docs/v1/lib/_Hotstring.html]
[www.autohotkey.com/docs/v1/lib/lib/_HotIfTimeout.htm]
[www.autohotkey.com/docs/v1/lib/_IfTimeout.html]
[www.autohotkey.com/docs/v1/lib/lib/KeyHistory.htm]
[www.autohotkey.com/docs/v1/lib/_KeyHistory.html]
[www.autohotkey.com/docs/v1/lib/_MaxMem.html]
[www.autohotkey.com/docs/v1/lib/_MaxThreads.html]
[www.autohotkey.com/docs/v1/lib/_MaxThreadsBuffer.html]
[www.autohotkey.com/docs/v1/lib/_MaxThreadsPerHotkey.html]
[www.autohotkey.com/docs/v1/lib/_UseHook.html]
[www.autohotkey.com/docs/v1/lib/_WinActivateForce.html]
[www.autohotkey.com/docs/v1/misc/lib/Array.htm]
[www.autohotkey.com/docs/v1/misc/Arrays.html]
[www.autohotkey.com/docs/v1/misc/RegExCallout.html]
[www.autohotkey.com/docs/v1/misc/Languages.html]
[www.autohotkey.com/docs/v1/misc/Macros.html]
[www.autohotkey.com/docs/v1/misc/RemapJoystick.html]
[www.autohotkey.com/docs/v1/index-2.html]
[www.autohotkey.com/docs/v1/lib/lib/LoopFiles.html]
[www.autohotkey.com/docs/v1/lib/lib/A_MenuMaskKey.html]
[www.autohotkey.com/docs/v1/misc/Styles.html]
[www.autohotkey.com/docs/v1/lib/lib/Gui.html]
[www.autohotkey.com/docs/v1/misc/FontsStandard.html]
[www.autohotkey.com/docs/v1/misc/DPIScaling.html]
[www.autohotkey.com/docs/v1/lib/lib/Menu.html]
[www.autohotkey.com/docs/v1/lib/Enumerator.html]
[www.autohotkey.com/docs/v1/lib/lib/StrReplace.html]
[www.autohotkey.com/docs/v1/misc/SendMessageList.html]
[www.autohotkey.com/docs/v1/lib/lib/InputHook.html]
[www.autohotkey.com/docs/v1/misc/CLSID-List.html]
[www.autohotkey.com/docs/v1/lib/lib/Sound.html]
[www.autohotkey.com/docs/v1/misc/index.html]
[www.autohotkey.com/docs/v1/lib/_AllowSameLineComments.html]
[www.autohotkey.com/docs/v1/lib/lib/Control.html]
[www.autohotkey.com/docs/v1/lib/lib/GuiControl.html]
[www.autohotkey.com/docs/v1/lib/lib/CallbackCreate.html]
[www.autohotkey.com/docs/v1/lib/lib/Func.html]
[www.autohotkey.com/docs/v1/lib/lib/ComObject.html]
[www.autohotkey.com/docs/v1/lib/lib/Format.html]
[www.autohotkey.com/docs/v1/lib/lib/_HotIf.html]
[www.autohotkey.com/docs/v1/lib/lib/If.html]
[www.autohotkey.com/docs/v1/lib/lib/MsgBox.html]
[www.autohotkey.com/docs/v1/scripts/ContextSensitiveHelp.html]
[www.autohotkey.com/docs/v1/scripts/EasyWindowDrag.html]
[www.autohotkey.com/docs/v1/scripts/EasyWindowDrag_(KDE).html]
[www.autohotkey.com/docs/v1/scripts/FavoriteFolders.html]
[www.autohotkey.com/docs/v1/scripts/IntelliSense.html]
[www.autohotkey.com/docs/v1/scripts/JoystickMouse.html]
[www.autohotkey.com/docs/v1/scripts/JoystickTest.html]
[www.autohotkey.com/docs/v1/scripts/KeyboardOnScreen.html]
[www.autohotkey.com/docs/v1/scripts/MinimizeToTrayMenu.html]
[www.autohotkey.com/docs/v1/scripts/MsgBoxButtonNames.html]
[www.autohotkey.com/docs/v1/scripts/Numpad000.html]
[www.autohotkey.com/docs/v1/scripts/NumpadMouse.html]
[www.autohotkey.com/docs/v1/scripts/Seek_(SearchTheStartMenu).html]
[www.autohotkey.com/docs/v1/scripts/TooltipMouseMenu.html]
[www.autohotkey.com/docs/v1/scripts/VolumeOSD.html]
[www.autohotkey.com/docs/v1/scripts/WindowShading.html]
[www.autohotkey.com/docs/v1/scripts/WinLIRC.html]
[www.autohotkey.com/docs/v1/scripts/EncodeHTML.html]
[www.autohotkey.com/docs/v1/lib/lib/StrLen.html]
[www.autohotkey.com/docs/v1/lib/lib/SoundGetVolume.html]
[www.autohotkey.com/docs/v1/lib/lib/SoundSetVolume.html]
[www.autohotkey.com/docs/v1/misc/SendMessage.html]
[www.autohotkey.com/docs/v1/lib/lib/DateAdd.html]
[www.autohotkey.com/docs/v1/lib/lib/DateDiff.html]
[www.autohotkey.com/docs/v1/misc/lib/A_Clipboard.html]
[www.autohotkey.com/docs/v1/misc/v2-changes.html]
[www.autohotkey.com/docs/v1/lib/v2-changes.html]
[www.autohotkey.com/docs/v1/lib/lib/VarSetStrCapacity.html]
[www.autohotkey.com/docs/v1/lib/lib/FileExist.html]
[www.autohotkey.com/docs/v1/lib/lib/InStr.html]
[www.autohotkey.com/docs/v1/lib/lib/WinActive.html]
[www.autohotkey.com/docs/v1/lib/lib/WinExist.html]
[www.autohotkey.com/docs/v1/lib/lib/StrSplit.html]
[www.autohotkey.com/docs/v1/lib/lib/StrLower.html]
[www.autohotkey.com/docs/v1/lib/lib/SubStr.html]
[www.autohotkey.com/docs/v1/Concepts-2.html]
[www.autohotkey.com/docs/v1/lib/lib/Is.html]
[www.autohotkey.com/docs/v1/lib/lib/LoopRead.html]
[www.autohotkey.com/docs/v1/lib/lib/Win.html]
[www.autohotkey.com/docs/v1/lib/lib/Persistent.html]
[www.autohotkey.com/docs/v1/lib/lib/Trim.html]
[www.autohotkey.com/docs/v1/lib/lib/SetStoreCapsLockMode.html]
[www.autohotkey.com/docs/v1/lib/lib/Ord.html]
[www.autohotkey.com/docs/v1/lib/lib/Drive.html]
[www.autohotkey.com/docs/v1/lib/lib/DriveGetSpaceFree.html]
[www.autohotkey.com/docs/v1/lib/lib/DirCopy.html]
[www.autohotkey.com/docs/v1/lib/lib/DirCreate.html]
[www.autohotkey.com/docs/v1/lib/lib/File.html]
[www.autohotkey.com/docs/v1/lib/lib/DirMove.html]
[www.autohotkey.com/docs/v1/lib/lib/DirDelete.html]
[www.autohotkey.com/docs/v1/lib/lib/FileSelect.html]
[www.autohotkey.com/docs/v1/lib/lib/DirSelect.html]
[www.autohotkey.com/docs/v1/lib/lib/GetKeyName.html]
[www.autohotkey.com/docs/v1/lib/lib/InstallKeybdHook.html]
[www.autohotkey.com/docs/v1/lib/lib/InstallMouseHook.html]
[www.autohotkey.com/docs/v1/lib/lib/Math.html]
[www.autohotkey.com/docs/v1/lib/lib/Download.html]
[www.autohotkey.com/docs/v1/lib/lib/WinGetPos.html]
[www.autohotkey.com/docs/v1/lib/lib/WinGetTitle.html]
[www.autohotkey.com/docs/v1/lib/lib/MenuSelect.html]
[www.autohotkey.com/docs/v1/lib/misc/EscapeChar.html]
[www.autohotkey.com/docs/v1/lib/lib/A_MaxHotkeysPerInterval.html]
[www.autohotkey.com/docs/v1/lib/lib/A_HotkeyModifierTimeout.html]
[www.autohotkey.com/docs/v1/lib/lib/_HotIfTimeout.html]
[www.autohotkey.com/docs/v1/lib/lib/KeyHistory.html]
[www.autohotkey.com/docs/v1/misc/lib/Array.html]
